To honour the JVM settings for this build a single-use Daemon process will be forked. For more on this, please refer to https://docs.gradle.org/9.6.1/userguide/gradle_daemon.html#sec:disabling_the_daemon in the Gradle documentation.
Daemon will be stopped at the end of the build 
> Task :checkKotlinGradlePluginConfigurationErrors SKIPPED
> Task :compileKotlin FROM-CACHE
> Task :compileJava NO-SOURCE
> Task :bootBuildInfo
> Task :processResources
> Task :classes
> Task :jar
> Task :koverFindJar
> Task :processTestResources

> Task :compileTestKotlin
w: file:///tmp/tyche-decision-scope-anduUD/eudi-official/src/test/kotlin/eu/europa/ec/eudi/verifier/endpoint/adapter/out/jose/CreateJarNimbusTest.kt:62:41 'constructor(p0: String!): URL' is deprecated. Deprecated in Java.
w: file:///tmp/tyche-decision-scope-anduUD/eudi-official/src/test/kotlin/eu/europa/ec/eudi/verifier/endpoint/adapter/out/jose/CreateJarNimbusTest.kt:93:31 'constructor(p0: String!): URL' is deprecated. Deprecated in Java.
w: file:///tmp/tyche-decision-scope-anduUD/eudi-official/src/test/kotlin/eu/europa/ec/eudi/verifier/endpoint/adapter/out/mso/DeviceResponseValidatorTest.kt:310:23 'constructor(p0: String!): URL' is deprecated. Deprecated in Java.
w: file:///tmp/tyche-decision-scope-anduUD/eudi-official/src/test/kotlin/eu/europa/ec/eudi/verifier/endpoint/port/input/InitTransactionTest.kt:41:23 'constructor(p0: String!): URL' is deprecated. Deprecated in Java.
w: file:///tmp/tyche-decision-scope-anduUD/eudi-official/src/test/kotlin/eu/europa/ec/eudi/verifier/endpoint/port/input/InitTransactionTest.kt:93:23 'constructor(p0: String!): URL' is deprecated. Deprecated in Java.
w: file:///tmp/tyche-decision-scope-anduUD/eudi-official/src/test/kotlin/eu/europa/ec/eudi/verifier/endpoint/port/input/InitTransactionTest.kt:99:49 'constructor(p0: String!): URL' is deprecated. Deprecated in Java.

> Task :compileTestJava NO-SOURCE
> Task :testClasses
> Task :test

[Incubating] Problems report is available at: file:///tmp/tyche-decision-scope-anduUD/eudi-official/build/reports/problems/problems-report.html

Deprecated Gradle features were used in this build, making it incompatible with Gradle 10.

You can use '--warning-mode all' to show the individual deprecation warnings and determine if they come from your own scripts or plugins.

For more on this, please refer to https://docs.gradle.org/9.6.1/userguide/command_line_interface.html#sec:command_line_warnings in the Gradle documentation.

BUILD SUCCESSFUL in 13s
8 actionable tasks: 7 executed, 1 from cache
Consider enabling configuration cache to speed up this build: https://docs.gradle.org/9.6.1/userguide/configuration_cache_enabling.html
